%!Adobe-FontList 1.23
%Locale:0x409

%BeginFont
Handler:DirectoryHandler
FontType:Invalid
OutlineFileName:C:\unity\ThirdPersonShooter\3rdPersonShooter\Assets\Font\monterey.meta
FileModTime:1715607758
%EndFont

%BeginFont
Handler:DirectoryHandler
FontType:TrueType
FontName:MontereyFLF-Bold
FamilyName:MontereyFLF
StyleName:Bold
FullName:MontereyFLF-Bold
MenuName:MontereyFLF
StyleBits:2
WritingScript:Roman
OutlineFileName:C:\unity\ThirdPersonShooter\3rdPersonShooter\Assets\Font\monterey\MontereyFLF-Bold.ttf
DataFormat:sfntData
hasSVG:no
hasCOLR:no
VariableFontType:NonVariableFont
FileLength:35888
FileModTime:1101487168
WeightClass:700
WidthClass:5
AngleClass:0
NameArray:0,Mac,4,MontereyFLF-Bold
NameArray:0,Win,1,MontereyFLF
%EndFont

%BeginFont
Handler:DirectoryHandler
FontType:Invalid
OutlineFileName:C:\unity\ThirdPersonShooter\3rdPersonShooter\Assets\Font\monterey\MontereyFLF-Bold.ttf.meta
FileModTime:1715607758
%EndFont

%BeginFont
Handler:DirectoryHandler
FontType:TrueType
FontName:MontereyFLF-BoldItalic
FamilyName:MontereyFLF
StyleName:Bold Italic
FullName:MontereyFLF-BoldItalic
MenuName:MontereyFLF
StyleBits:3
WritingScript:Roman
OutlineFileName:C:\unity\ThirdPersonShooter\3rdPersonShooter\Assets\Font\monterey\MontereyFLF-BoldItalic.ttf
DataFormat:sfntData
hasSVG:no
hasCOLR:no
VariableFontType:NonVariableFont
FileLength:36296
FileModTime:1101487204
WeightClass:700
WidthClass:5
AngleClass:0
NameArray:0,Mac,4,MontereyFLF-BoldItalic
NameArray:0,Win,1,MontereyFLF
%EndFont

%BeginFont
Handler:DirectoryHandler
FontType:Invalid
OutlineFileName:C:\unity\ThirdPersonShooter\3rdPersonShooter\Assets\Font\monterey\MontereyFLF-BoldItalic.ttf.meta
FileModTime:1715607758
%EndFont

%BeginFont
Handler:DirectoryHandler
FontType:TrueType
FontName:MontereyFLF-Italic
FamilyName:MontereyFLF
StyleName:Medium Italic
FullName:MontereyFLF-Italic
MenuName:MontereyFLF
StyleBits:1
WritingScript:Roman
OutlineFileName:C:\unity\ThirdPersonShooter\3rdPersonShooter\Assets\Font\monterey\MontereyFLF-Italic.ttf
DataFormat:sfntData
hasSVG:no
hasCOLR:no
VariableFontType:NonVariableFont
FileLength:35772
FileModTime:1101487114
WeightClass:500
WidthClass:5
AngleClass:0
NameArray:0,Mac,4,MontereyFLF-Italic
NameArray:0,Win,1,MontereyFLF
%EndFont

%BeginFont
Handler:DirectoryHandler
FontType:Invalid
OutlineFileName:C:\unity\ThirdPersonShooter\3rdPersonShooter\Assets\Font\monterey\MontereyFLF-Italic.ttf.meta
FileModTime:1715607758
%EndFont

%BeginFont
Handler:DirectoryHandler
FontType:TrueType
FontName:MontereyFLF
FamilyName:MontereyFLF
StyleName:Regular
FullName:MontereyFLF
MenuName:MontereyFLF
StyleBits:0
WritingScript:Roman
OutlineFileName:C:\unity\ThirdPersonShooter\3rdPersonShooter\Assets\Font\monterey\MontereyFLF.ttf
DataFormat:sfntData
hasSVG:no
hasCOLR:no
VariableFontType:NonVariableFont
FileLength:35128
FileModTime:1101487042
WeightClass:500
WidthClass:5
AngleClass:0
NameArray:0,Mac,4,MontereyFLF
NameArray:0,Win,1,MontereyFLF
%EndFont

%BeginFont
Handler:DirectoryHandler
FontType:Invalid
OutlineFileName:C:\unity\ThirdPersonShooter\3rdPersonShooter\Assets\Font\monterey\MontereyFLF.ttf.meta
FileModTime:1715607758
%EndFont

%BeginFont
Handler:DirectoryHandler
FontType:TrueType
FontName:MontereyMediumFLF
FamilyName:MontereyMediumFLF
StyleName:Regular
FullName:MontereyMediumFLF
MenuName:MontereyMediumFLF
StyleBits:0
WritingScript:Roman
OutlineFileName:C:\unity\ThirdPersonShooter\3rdPersonShooter\Assets\Font\monterey\MontereyMediumFLF.ttf
DataFormat:sfntData
hasSVG:no
hasCOLR:no
VariableFontType:NonVariableFont
FileLength:35260
FileModTime:1101487264
WeightClass:500
WidthClass:5
AngleClass:0
NameArray:0,Mac,4,MontereyMediumFLF
NameArray:0,Win,1,MontereyMediumFLF
%EndFont

%BeginFont
Handler:DirectoryHandler
FontType:Invalid
OutlineFileName:C:\unity\ThirdPersonShooter\3rdPersonShooter\Assets\Font\monterey\MontereyMediumFLF.ttf.meta
FileModTime:1715607758
%EndFont

